AR sigmoid behavioral //blinky/students_data/sxs5464/Desktop/dsdproj/ISE/Sigmoid.vhd sub00/vhpl09 1256167976
EN sigmoid NULL //blinky/students_data/sxs5464/Desktop/dsdproj/ISE/Sigmoid.vhd sub00/vhpl08 1256167975
AR dut behavioral //blinky/students_data/sxs5464/Desktop/dsdproj/ISE/DUT.vhd sub00/vhpl07 1256167986
EN neuron NULL //blinky/students_data/sxs5464/Desktop/dsdproj/ISE/Neuron.vhd sub00/vhpl00 1256167979
AR neuron behavioral //blinky/students_data/sxs5464/Desktop/dsdproj/ISE/Neuron.vhd sub00/vhpl01 1256161291
AR network behavioral //blinky/students_data/sxs5464/Desktop/dsdproj/ISE/Network.vhd sub00/vhpl05 1256167984
AR input behavioral //blinky/students_data/sxs5464/Desktop/dsdproj/ISE/Input.vhd sub00/vhpl12 1256167982
EN input NULL //blinky/students_data/sxs5464/Desktop/dsdproj/ISE/Input.vhd sub00/vhpl11 1256167981
EN network NULL //blinky/students_data/sxs5464/Desktop/dsdproj/ISE/Network.vhd sub00/vhpl04 1256167983
AR connection behavioral //blinky/students_data/sxs5464/Desktop/dsdproj/ISE/Connection.vhd sub00/vhpl03 1256167978
EN dut NULL //blinky/students_data/sxs5464/Desktop/dsdproj/ISE/DUT.vhd sub00/vhpl06 1256167985
AR neuron mixed //blinky/students_data/sxs5464/Desktop/dsdproj/ISE/Neuron.vhd sub00/vhpl10 1256167980
EN connection NULL //blinky/students_data/sxs5464/Desktop/dsdproj/ISE/Connection.vhd sub00/vhpl02 1256167977
