V3 28
FL //blinky/students_data/sxs5464/Desktop/Dsdnn/Connection.vhd 2009/10/21.18:44:19 J.36
FL //blinky/students_data/sxs5464/Desktop/Dsdnn/Network.vhd 2009/10/21.18:21:32 J.36
FL //blinky/students_data/sxs5464/Desktop/Dsdnn/Neuron.vhd 2009/10/21.18:46:19 J.36
FL //blinky/students_data/sxs5464/Desktop/Dsdnn/Sigmoid.vhd 2009/10/21.19:14:29 J.36
FL //blinky/students_data/sxs5464/Desktop/dsdproj/ISE/Connection.vhd 2009/10/21.18:44:19 J.36
EN work/Connection 1256167977 \
      FL //blinky/students_data/sxs5464/Desktop/dsdproj/ISE/Connection.vhd \
      PB ieee/std_logic_1164 1177545575 PB ieee/std_logic_arith 1177545576 \
      PB ieee/STD_LOGIC_UNSIGNED 1177545583
AR work/Connection/Behavioral 1256167978 \
      FL //blinky/students_data/sxs5464/Desktop/dsdproj/ISE/Connection.vhd \
      EN work/Connection 1256167977
FL //blinky/students_data/sxs5464/Desktop/dsdproj/ISE/DUT.vhd 2009/10/21.18:29:17 J.36
EN work/DUT 1256167985 \
      FL //blinky/students_data/sxs5464/Desktop/dsdproj/ISE/DUT.vhd \
      PB ieee/std_logic_1164 1177545575 PB ieee/std_logic_arith 1177545576 \
      PB ieee/STD_LOGIC_UNSIGNED 1177545583
AR work/DUT/Behavioral 1256167986 \
      FL //blinky/students_data/sxs5464/Desktop/dsdproj/ISE/DUT.vhd EN work/DUT 1256167985 \
      CP Input CP Network
FL //blinky/students_data/sxs5464/Desktop/dsdproj/ISE/Input.vhd 2009/10/21.17:24:00 J.36
EN work/Input 1256167981 \
      FL //blinky/students_data/sxs5464/Desktop/dsdproj/ISE/Input.vhd \
      PB ieee/std_logic_1164 1177545575 PB ieee/std_logic_arith 1177545576 \
      PB ieee/STD_LOGIC_UNSIGNED 1177545583
AR work/Input/Behavioral 1256167982 \
      FL //blinky/students_data/sxs5464/Desktop/dsdproj/ISE/Input.vhd \
      EN work/Input 1256167981
FL //blinky/students_data/sxs5464/Desktop/dsdproj/ISE/Network.vhd 2009/10/21.18:21:32 J.36
EN work/Network 1256167983 \
      FL //blinky/students_data/sxs5464/Desktop/dsdproj/ISE/Network.vhd \
      PB ieee/std_logic_1164 1177545575 PB ieee/std_logic_arith 1177545576 \
      PB ieee/STD_LOGIC_UNSIGNED 1177545583
AR work/Network/Behavioral 1256167984 \
      FL //blinky/students_data/sxs5464/Desktop/dsdproj/ISE/Network.vhd \
      EN work/Network 1256167983 CP Connection CP Neuron
FL //blinky/students_data/sxs5464/Desktop/dsdproj/ISE/Neuron.vhd 2009/10/21.18:46:19 J.36
EN work/Neuron 1256167979 \
      FL //blinky/students_data/sxs5464/Desktop/dsdproj/ISE/Neuron.vhd \
      PB ieee/std_logic_1164 1177545575 PB ieee/std_logic_arith 1177545576 \
      PB ieee/STD_LOGIC_UNSIGNED 1177545583
AR work/Neuron/Mixed 1256167980 \
      FL //blinky/students_data/sxs5464/Desktop/dsdproj/ISE/Neuron.vhd \
      EN work/Neuron 1256167979 CP Sigmoid
FL //blinky/students_data/sxs5464/Desktop/dsdproj/ISE/Sigmoid.vhd 2009/10/21.19:14:29 J.36
EN work/Sigmoid 1256167975 \
      FL //blinky/students_data/sxs5464/Desktop/dsdproj/ISE/Sigmoid.vhd \
      PB ieee/std_logic_1164 1177545575 PB ieee/std_logic_arith 1177545576 \
      PB ieee/STD_LOGIC_UNSIGNED 1177545583
AR work/Sigmoid/Behavioral 1256167976 \
      FL //blinky/students_data/sxs5464/Desktop/dsdproj/ISE/Sigmoid.vhd \
      EN work/Sigmoid 1256167975
